// Jest Snapshot v1, https://goo.gl/fbAQLP

exports[`dropdown simply works 1`] = `
Array [
  <button
    class="my-button rc-dropdown-open"
  >
    open
  </button>,
  <div>
    <div
      class="rc-dropdown"
      style="opacity: 0;"
    >
      <ul
        class="rc-dropdown-menu rc-dropdown-menu-root rc-dropdown-menu-vertical"
        data-dropdown-inject="true"
        data-menu-list="true"
        role="menu"
        style="width: 140px;"
        tabindex="0"
      >
        <li
          class="rc-dropdown-menu-item"
          data-menu-id="rc-menu-uuid-test-1"
          role="menuitem"
          tabindex="-1"
        >
          <span
            class="my-menuitem"
          >
            one
          </span>
        </li>
        <li
          class="rc-dropdown-menu-item-divider"
        />
        <li
          class="rc-dropdown-menu-item"
          data-menu-id="rc-menu-uuid-test-2"
          role="menuitem"
          tabindex="-1"
        >
          two
        </li>
      </ul>
      <div
        aria-hidden="true"
        style="display: none;"
      />
    </div>
  </div>,
]
`;
