// Jest Snapshot v1, https://goo.gl/fbAQLP

exports[`dropdown simply works 1`] = `
<div>
  <button
    class="my-button rc-dropdown-open"
  >
    open
  </button>
  <div
    class="rc-dropdown rc-dropdown-placement-bottomLeft"
    style="--arrow-x: 0px; --arrow-y: 0px; left: -1000vw; top: -1000vh; box-sizing: border-box; min-width: 100px;"
  >
    <ul
      class="rc-menu rc-menu-root rc-menu-vertical"
      data-menu-list="true"
      role="menu"
      style="width: 140px;"
      tabindex="0"
    >
      <li
        class="rc-menu-item"
        data-menu-id="rc-menu-uuid-test-1"
        role="menuitem"
        tabindex="-1"
      >
        <span
          class="my-menuitem"
        >
          one
        </span>
      </li>
      <li
        class="rc-menu-item-divider"
        role="separator"
      />
      <li
        class="rc-menu-item"
        data-menu-id="rc-menu-uuid-test-2"
        role="menuitem"
        tabindex="-1"
      >
        two
      </li>
    </ul>
    <div
      aria-hidden="true"
      style="display: none;"
    />
  </div>
</div>
`;
